Dementia Algorithm                                                                                                11:11 Tuesday, February 21, 2023   1

code
-------
2900   
29010  
29011  
29012  
29013  
29020  
29021  
2903   
29040  
29041  
29042  
29043  
2940   
29410  
29411  
29420  
29421  
2948   
3310   
33111  
33119  
3312   
3317   
797    
33182  
Dementia Algorithm                                                                                                11:11 Tuesday, February 21, 2023   2

code
-------
G300   
G301   
G308   
G309   
F0150  
F0151  
F0280  
F0281  
F0390  
F0391  
F05    
G138   
G3101  
G3109  
G311   
G312   
G3183  
G94    
R4181  
Dementia Algorithm                                                                                                11:11 Tuesday, February 21, 2023   3

code
-------
78093  
7843   
78469  
33183  
Dementia Algorithm                                                                                                11:11 Tuesday, February 21, 2023   4

code
-------
R411   
R412   
R413   
R4701  
R481   
R482   
R488   
G3184  
